#
# There is insufficient memory for the Java Runtime Environment to continue.
# Native memory allocation (malloc) failed to allocate 1048576 bytes. Error detail: AllocateHeap
# Possible reasons:
#   The system is out of physical RAM or swap space
#   This process is running with CompressedOops enabled, and the Java Heap may be blocking the growth of the native heap
# Possible solutions:
#   Reduce memory load on the system
#   Increase physical memory or swap space
#   Check if swap backing store is full
#   Decrease Java heap size (-Xmx/-Xms)
#   Decrease number of Java threads
#   Decrease Java thread stack sizes (-Xss)
#   Set larger code cache with -XX:ReservedCodeCacheSize=
#   JVM is running with Unscaled Compressed Oops mode in which the Java heap is
#     placed in the first 4GB address space. The Java Heap base address is the
#     maximum limit for the native heap growth. Please use -XX:HeapBaseMinAddress
#     to set the Java Heap base and to place the Java Heap above 4GB virtual address.
# This output file may be truncated or incomplete.
#
#  Out of Memory Error (allocation.cpp:44), pid=26000, tid=20228
#
# JRE version: OpenJDK Runtime Environment Temurin-21.0.9+10 (21.0.9+10) (build 21.0.9+10-LTS)
# Java VM: OpenJDK 64-Bit Server VM Temurin-21.0.9+10 (21.0.9+10-LTS, mixed mode, sharing, tiered, compressed oops, compressed class ptrs, parallel gc, windows-amd64)
# No core dump will be written. Minidumps are not enabled by default on client versions of Windows
#

---------------  S U M M A R Y ------------

Command Line: --add-modules=ALL-SYSTEM --add-opens=java.base/java.util=ALL-UNNAMED --add-opens=java.base/java.lang=ALL-UNNAMED --add-opens=java.base/sun.nio.fs=ALL-UNNAMED -Declipse.application=org.eclipse.jdt.ls.core.id1 -Dosgi.bundles.defaultStartLevel=4 -Declipse.product=org.eclipse.jdt.ls.core.product -Djava.import.generatesMetadataFilesAtProjectRoot=false -DDetectVMInstallationsJob.disabled=true -Dfile.encoding=utf8 -XX:+UseParallelGC -XX:GCTimeRatio=4 -XX:AdaptiveSizePolicyWeight=90 -Dsun.zip.disableMemoryMapping=true -Xmx2G -Xms100m -Xlog:disable -javaagent:c:\Users\sande\.vscode\extensions\redhat.java-1.50.0-win32-x64\lombok\lombok-1.18.39-4050.jar -XX:+HeapDumpOnOutOfMemoryError -XX:HeapDumpPath=c:\Users\sande\AppData\Roaming\Code\User\workspaceStorage\42c70b5ba57fbfa718ea32a4b4e4b030\redhat.java -Daether.dependencyCollector.impl=bf c:\Users\sande\.vscode\extensions\redhat.java-1.50.0-win32-x64\server\plugins\org.eclipse.equinox.launcher_1.7.100.v20251111-0406.jar -configuration c:\Users\sande\AppData\Roaming\Code\User\globalStorage\redhat.java\1.50.0\config_win -data c:\Users\sande\AppData\Roaming\Code\User\workspaceStorage\42c70b5ba57fbfa718ea32a4b4e4b030\redhat.java\jdt_ws --pipe=\\.\pipe\lsp-b184f9d121eca7d5bac123084f90c72e-sock

Host: AMD Ryzen 5 5600H with Radeon Graphics         , 12 cores, 7G,  Windows 11 , 64 bit Build 26100 (10.0.26100.7019)
Time: Sun Dec  7 18:05:00 2025 India Standard Time elapsed time: 7613.467654 seconds (0d 2h 6m 53s)

---------------  T H R E A D  ---------------

Current thread (0x0000023102ac7ea0):  JavaThread "Attach Listener" daemon [_thread_in_vm, id=20228, stack(0x0000006d71600000,0x0000006d71700000) (1024K)]

Stack: [0x0000006d71600000,0x0000006d71700000]
Native frames: (J=compiled Java code, j=interpreted, Vv=VM code, C=native code)
V  [jvm.dll+0x6d6e29]
V  [jvm.dll+0x8b4b76]
V  [jvm.dll+0x8b712e]
V  [jvm.dll+0x8b7813]
V  [jvm.dll+0x283d86]
V  [jvm.dll+0xc1277]
V  [jvm.dll+0x6d76d9]
V  [jvm.dll+0x133466]
V  [jvm.dll+0x3f7ea6]
V  [jvm.dll+0x85e9ad]
V  [jvm.dll+0x6d565d]
C  [ucrtbase.dll+0x37b0]
C  [KERNEL32.DLL+0x2e8d7]
C  [ntdll.dll+0x8c53c]


---------------  P R O C E S S  ---------------

Threads class SMR info:
_java_thread_list=0x00000231084b1750, length=42, elements={
0x00000230a7924b30, 0x00000230a9ceb320, 0x00000230a9ced430, 0x0000023102ac7810,
0x0000023102ac7ea0, 0x0000023102ac50b0, 0x0000023102ac5740, 0x0000023102ade690,
0x0000023102b00140, 0x0000023102ac8530, 0x0000023102ac6af0, 0x00000231084fd340,
0x00000231084fa550, 0x00000231084fb900, 0x00000231084fc620, 0x00000231084fd9d0,
0x0000023108500130, 0x00000231084fed80, 0x00000231085007c0, 0x000002310975e040,
0x000002310975e6d0, 0x000002310975d320, 0x000002310975c600, 0x0000023109761b50,
0x0000023109760110, 0x0000023109760e30, 0x000002310975f3f0, 0x000002310975fa80,
0x00000231097614c0, 0x00000231097621e0, 0x000002310975ed60, 0x0000023109762870,
0x0000023109762f00, 0x00000231097607a0, 0x000002310b4a7e50, 0x000002310b4a8b70,
0x000002310d5de7a0, 0x000002310a7e2e80, 0x000002310a7e3ba0, 0x000002310a7e1ad0,
0x000002310b4ab960, 0x000002310b4a7130
}

Java Threads: ( => current thread )
  0x00000230a7924b30 JavaThread "main"                              [_thread_blocked, id=26612, stack(0x0000006d70f00000,0x0000006d71000000) (1024K)]
  0x00000230a9ceb320 JavaThread "Reference Handler"          daemon [_thread_blocked, id=25724, stack(0x0000006d71300000,0x0000006d71400000) (1024K)]
  0x00000230a9ced430 JavaThread "Finalizer"                  daemon [_thread_blocked, id=12144, stack(0x0000006d71400000,0x0000006d71500000) (1024K)]
  0x0000023102ac7810 JavaThread "Signal Dispatcher"          daemon [_thread_blocked, id=16684, stack(0x0000006d71500000,0x0000006d71600000) (1024K)]
=>0x0000023102ac7ea0 JavaThread "Attach Listener"            daemon [_thread_in_vm, id=20228, stack(0x0000006d71600000,0x0000006d71700000) (1024K)]
  0x0000023102ac50b0 JavaThread "Service Thread"             daemon [_thread_blocked, id=9504, stack(0x0000006d71700000,0x0000006d71800000) (1024K)]
  0x0000023102ac5740 JavaThread "Monitor Deflation Thread"   daemon [_thread_blocked, id=6736, stack(0x0000006d71800000,0x0000006d71900000) (1024K)]
  0x0000023102ade690 JavaThread "C2 CompilerThread0"         daemon [_thread_blocked, id=4136, stack(0x0000006d71900000,0x0000006d71a00000) (1024K)]
  0x0000023102b00140 JavaThread "C1 CompilerThread0"         daemon [_thread_blocked, id=18836, stack(0x0000006d71a00000,0x0000006d71b00000) (1024K)]
  0x0000023102ac8530 JavaThread "Common-Cleaner"             daemon [_thread_blocked, id=13084, stack(0x0000006d71c00000,0x0000006d71d00000) (1024K)]
  0x0000023102ac6af0 JavaThread "Notification Thread"        daemon [_thread_blocked, id=26028, stack(0x0000006d71d00000,0x0000006d71e00000) (1024K)]
  0x00000231084fd340 JavaThread "Active Thread: Equinox Container: d19929c1-a604-4af9-8667-7d99c5c4ee57"        [_thread_blocked, id=10244, stack(0x0000006d72b00000,0x0000006d72c00000) (1024K)]
  0x00000231084fa550 JavaThread "Framework Event Dispatcher: Equinox Container: d19929c1-a604-4af9-8667-7d99c5c4ee57" daemon [_thread_blocked, id=19964, stack(0x0000006d72c00000,0x0000006d72d00000) (1024K)]
  0x00000231084fb900 JavaThread "Start Level: Equinox Container: d19929c1-a604-4af9-8667-7d99c5c4ee57" daemon [_thread_blocked, id=18136, stack(0x0000006d72d00000,0x0000006d72e00000) (1024K)]
  0x00000231084fc620 JavaThread "Refresh Thread: Equinox Container: d19929c1-a604-4af9-8667-7d99c5c4ee57" daemon [_thread_blocked, id=26168, stack(0x0000006d72f00000,0x0000006d73000000) (1024K)]
  0x00000231084fd9d0 JavaThread "Bundle File Closer"         daemon [_thread_blocked, id=17372, stack(0x0000006d73800000,0x0000006d73900000) (1024K)]
  0x0000023108500130 JavaThread "SCR Component Actor"        daemon [_thread_blocked, id=12404, stack(0x0000006d71b00000,0x0000006d71c00000) (1024K)]
  0x00000231084fed80 JavaThread "Worker-JM"                         [_thread_blocked, id=12104, stack(0x0000006d73900000,0x0000006d73a00000) (1024K)]
  0x00000231085007c0 JavaThread "JNA Cleaner"                daemon [_thread_blocked, id=7700, stack(0x0000006d73a00000,0x0000006d73b00000) (1024K)]
  0x000002310975e040 JavaThread "Java indexing"              daemon [_thread_blocked, id=26456, stack(0x0000006d73e00000,0x0000006d73f00000) (1024K)]
  0x000002310975e6d0 JavaThread "Thread-1"                   daemon [_thread_in_native, id=14636, stack(0x0000006d74300000,0x0000006d74400000) (1024K)]
  0x000002310975d320 JavaThread "Thread-2"                   daemon [_thread_in_native, id=22160, stack(0x0000006d74400000,0x0000006d74500000) (1024K)]
  0x000002310975c600 JavaThread "Thread-3"                   daemon [_thread_in_native, id=25104, stack(0x0000006d74500000,0x0000006d74600000) (1024K)]
  0x0000023109761b50 JavaThread "Thread-4"                   daemon [_thread_in_native, id=11712, stack(0x0000006d74600000,0x0000006d74700000) (1024K)]
  0x0000023109760110 JavaThread "Thread-5"                   daemon [_thread_in_native, id=412, stack(0x0000006d74700000,0x0000006d74800000) (1024K)]
  0x0000023109760e30 JavaThread "Thread-6"                   daemon [_thread_in_native, id=1664, stack(0x0000006d74800000,0x0000006d74900000) (1024K)]
  0x000002310975f3f0 JavaThread "Thread-7"                   daemon [_thread_in_native, id=25004, stack(0x0000006d74900000,0x0000006d74a00000) (1024K)]
  0x000002310975fa80 JavaThread "Thread-8"                   daemon [_thread_in_native, id=10592, stack(0x0000006d74a00000,0x0000006d74b00000) (1024K)]
  0x00000231097614c0 JavaThread "Thread-9"                   daemon [_thread_in_native, id=22580, stack(0x0000006d74b00000,0x0000006d74c00000) (1024K)]
  0x00000231097621e0 JavaThread "Thread-10"                  daemon [_thread_in_native, id=9464, stack(0x0000006d74c00000,0x0000006d74d00000) (1024K)]
  0x000002310975ed60 JavaThread "Thread-11"                  daemon [_thread_in_native, id=20440, stack(0x0000006d74d00000,0x0000006d74e00000) (1024K)]
  0x0000023109762870 JavaThread "Thread-12"                  daemon [_thread_in_native, id=4636, stack(0x0000006d74e00000,0x0000006d74f00000) (1024K)]
  0x0000023109762f00 JavaThread "Thread-13"                  daemon [_thread_in_native, id=16252, stack(0x0000006d74f00000,0x0000006d75000000) (1024K)]
  0x00000231097607a0 JavaThread "pool-2-thread-1"                   [_thread_blocked, id=10552, stack(0x0000006d75000000,0x0000006d75100000) (1024K)]
  0x000002310b4a7e50 JavaThread "WorkspaceEventsHandler"            [_thread_blocked, id=3404, stack(0x0000006d75200000,0x0000006d75300000) (1024K)]
  0x000002310b4a8b70 JavaThread "pool-1-thread-1"                   [_thread_blocked, id=18652, stack(0x0000006d75300000,0x0000006d75400000) (1024K)]
  0x000002310d5de7a0 JavaThread "Cleaner-0"                  daemon [_thread_blocked, id=12668, stack(0x0000006d76000000,0x0000006d76100000) (1024K)]
  0x000002310a7e2e80 JavaThread "Java Debug Server"          daemon [_thread_in_native, id=21688, stack(0x0000006d70e00000,0x0000006d70f00000) (1024K)]
  0x000002310a7e3ba0 JavaThread "RxSchedulerPurge-1"         daemon [_thread_blocked, id=7588, stack(0x0000006d74000000,0x0000006d74100000) (1024K)]
  0x000002310a7e1ad0 JavaThread "RxCachedWorkerPoolEvictor-1" daemon [_thread_blocked, id=10116, stack(0x0000006d75600000,0x0000006d75700000) (1024K)]
  0x000002310b4ab960 JavaThread "Worker-11"                         [_thread_blocked, id=23440, stack(0x0000006d72500000,0x0000006d72600000) (1024K)]
  0x000002310b4a7130 JavaThread "Worker-13"                         [_thread_blocked, id=21952, stack(0x0000006d70d00000,0x0000006d70e00000) (1024K)]
Total: 42

Other Threads:
  0x00000230a9cd4f10 VMThread "VM Thread"                           [id=8056, stack(0x0000006d71200000,0x0000006d71300000) (1024K)]
  0x00000230a9dc7860 WatcherThread "VM Periodic Task Thread"        [id=26344, stack(0x0000006d71100000,0x0000006d71200000) (1024K)]
  0x00000230a9d7afc0 WorkerThread "GC Thread#0"                     [id=3852, stack(0x0000006d71000000,0x0000006d71100000) (1024K)]
  0x0000023108409240 WorkerThread "GC Thread#1"                     [id=18600, stack(0x0000006d71f00000,0x0000006d72000000) (1024K)]
  0x00000231086cfe40 WorkerThread "GC Thread#2"                     [id=26008, stack(0x0000006d72000000,0x0000006d72100000) (1024K)]
  0x00000231086d01e0 WorkerThread "GC Thread#3"                     [id=25916, stack(0x0000006d72100000,0x0000006d72200000) (1024K)]
  0x0000023108907610 WorkerThread "GC Thread#4"                     [id=8720, stack(0x0000006d72200000,0x0000006d72300000) (1024K)]
  0x000002310801a120 WorkerThread "GC Thread#5"                     [id=21844, stack(0x0000006d72300000,0x0000006d72400000) (1024K)]
  0x000002310801a860 WorkerThread "GC Thread#6"                     [id=4416, stack(0x0000006d72400000,0x0000006d72500000) (1024K)]
  0x000002310801ac00 WorkerThread "GC Thread#7"                     [id=14284, stack(0x0000006d72e00000,0x0000006d72f00000) (1024K)]
  0x000002310801b6e0 WorkerThread "GC Thread#8"                     [id=9960, stack(0x0000006d73600000,0x0000006d73700000) (1024K)]
  0x000002310801ba80 WorkerThread "GC Thread#9"                     [id=6236, stack(0x0000006d73700000,0x0000006d73800000) (1024K)]
Total: 12

Threads with active compile tasks:
Total: 0

VM state: not at safepoint (normal execution)

VM Mutex/Monitor currently owned by a thread: None

Heap address: 0x0000000080000000, size: 2048 MB, Compressed Oops mode: 32-bit

CDS archive(s) mapped at: [0x00000230c1000000-0x00000230c1ba0000-0x00000230c1ba0000), size 12189696, SharedBaseAddress: 0x00000230c1000000, ArchiveRelocationMode: 1.
Compressed class space mapped at: 0x00000230c2000000-0x0000023102000000, reserved size: 1073741824
Narrow klass base: 0x00000230c1000000, Narrow klass shift: 0, Narrow klass range: 0x100000000

GC Precious Log:
 CardTable entry size: 512
 CPUs: 12 total, 12 available
 Memory: 7519M
 Large Page Support: Disabled
 NUMA Support: Disabled
 Compressed Oops: Enabled (32-bit)
 Alignments: Space 512K, Generation 512K, Heap 2M
 Heap Min Capacity: 100M
 Heap Initial Capacity: 100M
 Heap Max Capacity: 2G
 Pre-touch: Disabled
 Parallel Workers: 10

Heap:
 PSYoungGen      total 11264K, used 8902K [0x00000000d5580000, 0x00000000d6480000, 0x0000000100000000)
  eden space 9216K, 95% used [0x00000000d5580000,0x00000000d5e11bd0,0x00000000d5e80000)
  from space 2048K, 6% used [0x00000000d6080000,0x00000000d60a0000,0x00000000d6280000)
  to   space 512K, 0% used [0x00000000d6400000,0x00000000d6400000,0x00000000d6480000)
 ParOldGen       total 1038848K, used 1038406K [0x0000000080000000, 0x00000000bf680000, 0x00000000d5580000)
  object space 1038848K, 99% used [0x0000000080000000,0x00000000bf6119e8,0x00000000bf680000)
 Metaspace       used 91693K, committed 93504K, reserved 1179648K
  class space    used 9227K, committed 10048K, reserved 1048576K

Card table byte_map: [0x00000230a96e0000,0x00000230a9af0000] _byte_map_base: 0x00000230a92e0000

Marking Bits: (ParMarkBitMap*) 0x00007ffddc762460
 Begin Bits: [0x00000230bc1f0000, 0x00000230be1f0000)
 End Bits:   [0x00000230be1f0000, 0x00000230c01f0000)

Polling page: 0x00000230a9370000

Metaspace:

Usage:
  Non-class:     80.53 MB used.
      Class:      9.01 MB used.
       Both:     89.54 MB used.

Virtual space:
  Non-class space:      128.00 MB reserved,      81.50 MB ( 64%) committed,  2 nodes.
      Class space:        1.00 GB reserved,       9.81 MB ( <1%) committed,  1 nodes.
             Both:        1.12 GB reserved,      91.31 MB (  8%) committed. 

Chunk freelists:
   Non-Class:  14.28 MB
       Class:  6.16 MB
        Both:  20.44 MB

MaxMetaspaceSize: unlimited
CompressedClassSpaceSize: 1.00 GB
Initial GC threshold: 21.00 MB
Current GC threshold: 150.44 MB
CDS: on
 - commit_granule_bytes: 65536.
 - commit_granule_words: 8192.
 - virtual_space_node_default_size: 8388608.
 - enlarge_chunks_in_place: 1.
 - use_allocation_guard: 0.


Internal statistics:

num_allocs_failed_limit: 11.
num_arena_births: 1774.
num_arena_deaths: 14.
num_vsnodes_births: 3.
num_vsnodes_deaths: 0.
num_space_committed: 1461.
num_space_uncommitted: 0.
num_chunks_returned_to_freelist: 25.
num_chunks_taken_from_freelist: 6265.
num_chunk_merges: 9.
num_chunk_splits: 3762.
num_chunks_enlarged: 2011.
num_inconsistent_stats: 0.

CodeHeap 'non-profiled nmethods': size=120000Kb used=20781Kb max_used=21398Kb free=99218Kb
 bounds [0x00000230b4a10000, 0x00000230b5f10000, 0x00000230bbf40000]
CodeHeap 'profiled nmethods': size=120000Kb used=42311Kb max_used=50006Kb free=77688Kb
 bounds [0x00000230acf40000, 0x00000230b0090000, 0x00000230b4470000]
CodeHeap 'non-nmethods': size=5760Kb used=1535Kb max_used=1619Kb free=4225Kb
 bounds [0x00000230b4470000, 0x00000230b46e0000, 0x00000230b4a10000]
CodeCache: size=245760Kb, used=64627Kb, max_used=73023Kb, free=181131Kb
 total_blobs=17893, nmethods=17038, adapters=757, full_count=0
Compilation: enabled, stopped_count=0, restarted_count=0

Compilation events (20 events):
Event: 6247.389 Thread 0x0000023102b00140 24532       3       java.lang.ClassLoader::getBuiltinPlatformClassLoader (4 bytes)
Event: 6247.403 Thread 0x0000023102b00140 nmethod 24532 0x00000230ae8e0d10 code [0x00000230ae8e0ec0, 0x00000230ae8e1010]
Event: 6337.410 Thread 0x0000023102b00140 24533       3       java.lang.ClassLoader::getPlatformClassLoader (21 bytes)
Event: 6337.412 Thread 0x0000023102b00140 nmethod 24533 0x00000230ae5ef890 code [0x00000230ae5efa60, 0x00000230ae5efcf0]
Event: 6364.712 Thread 0x0000023102b00140 24534       3       org.eclipse.core.internal.jobs.JobManager::startJob (89 bytes)
Event: 6364.751 Thread 0x0000023102b00140 nmethod 24534 0x00000230ad38d010 code [0x00000230ad38d2a0, 0x00000230ad38dd78]
Event: 6604.625 Thread 0x0000023102b00140 24535       3       org.eclipse.core.internal.resources.ResourceInfo::shareStrings (43 bytes)
Event: 6604.641 Thread 0x0000023102b00140 nmethod 24535 0x00000230ae684790 code [0x00000230ae684960, 0x00000230ae684c28]
Event: 6654.503 Thread 0x0000023102ade690 24536   !   4       org.eclipse.core.filesystem.URIUtil::toPath (76 bytes)
Event: 6654.572 Thread 0x0000023102ade690 nmethod 24536 0x00000230b5509010 code [0x00000230b5509220, 0x00000230b5509ad8]
Event: 6877.544 Thread 0x0000023102b00140 24537       3       java.util.logging.Logger::getLogger (8 bytes)
Event: 6877.554 Thread 0x0000023102b00140 nmethod 24537 0x00000230ae5ef410 code [0x00000230ae5ef5e0, 0x00000230ae5ef7a0]
Event: 6877.554 Thread 0x0000023102b00140 24538       3       java.util.logging.Logger::getLogger (7 bytes)
Event: 6877.556 Thread 0x0000023102b00140 nmethod 24538 0x00000230aec8af90 code [0x00000230aec8b140, 0x00000230aec8b268]
Event: 6877.556 Thread 0x0000023102b00140 24539       3       java.util.logging.Logger::demandLogger (36 bytes)
Event: 6877.569 Thread 0x0000023102b00140 nmethod 24539 0x00000230ad982810 code [0x00000230ad982aa0, 0x00000230ad983550]
Event: 7413.210 Thread 0x0000023102b00140 24540   !   3       org.eclipse.osgi.container.ModuleDatabase::getTimestamp (25 bytes)
Event: 7413.291 Thread 0x0000023102b00140 nmethod 24540 0x00000230ae265f90 code [0x00000230ae2661e0, 0x00000230ae266b28]
Event: 7503.210 Thread 0x0000023102b00140 24541       3       org.eclipse.osgi.storage.Storage::isReadOnly (10 bytes)
Event: 7503.223 Thread 0x0000023102b00140 nmethod 24541 0x00000230ae684390 code [0x00000230ae684540, 0x00000230ae6846c0]

GC Heap History (20 events):
Event: 2233.607 GC heap before
{Heap before GC invocations=3899 (full 6):
 PSYoungGen      total 9728K, used 9696K [0x00000000d5580000, 0x00000000d6280000, 0x0000000100000000)
  eden space 9216K, 100% used [0x00000000d5580000,0x00000000d5e80000,0x00000000d5e80000)
  from space 512K, 93% used [0x00000000d6180000,0x00000000d61f8000,0x00000000d6200000)
  to   space 512K, 0% used [0x00000000d6200000,0x00000000d6200000,0x00000000d6280000)
 ParOldGen       total 1029120K, used 1028849K [0x0000000080000000, 0x00000000bed00000, 0x00000000d5580000)
  object space 1029120K, 99% used [0x0000000080000000,0x00000000becbc778,0x00000000bed00000)
 Metaspace       used 91624K, committed 93440K, reserved 1179648K
  class space    used 9226K, committed 10048K, reserved 1048576K
}
Event: 2233.615 GC heap after
{Heap after GC invocations=3899 (full 6):
 PSYoungGen      total 9728K, used 496K [0x00000000d5580000, 0x00000000d6280000, 0x0000000100000000)
  eden space 9216K, 0% used [0x00000000d5580000,0x00000000d5580000,0x00000000d5e80000)
  from space 512K, 96% used [0x00000000d6200000,0x00000000d627c010,0x00000000d6280000)
  to   space 1024K, 0% used [0x00000000d6080000,0x00000000d6080000,0x00000000d6180000)
 ParOldGen       total 1029120K, used 1028937K [0x0000000080000000, 0x00000000bed00000, 0x00000000d5580000)
  object space 1029120K, 99% used [0x0000000080000000,0x00000000becd2778,0x00000000bed00000)
 Metaspace       used 91624K, committed 93440K, reserved 1179648K
  class space    used 9226K, committed 10048K, reserved 1048576K
}
Event: 2234.299 GC heap before
{Heap before GC invocations=3900 (full 6):
 PSYoungGen      total 9728K, used 9712K [0x00000000d5580000, 0x00000000d6280000, 0x0000000100000000)
  eden space 9216K, 100% used [0x00000000d5580000,0x00000000d5e80000,0x00000000d5e80000)
  from space 512K, 96% used [0x00000000d6200000,0x00000000d627c010,0x00000000d6280000)
  to   space 1024K, 0% used [0x00000000d6080000,0x00000000d6080000,0x00000000d6180000)
 ParOldGen       total 1029120K, used 1028937K [0x0000000080000000, 0x00000000bed00000, 0x00000000d5580000)
  object space 1029120K, 99% used [0x0000000080000000,0x00000000becd2778,0x00000000bed00000)
 Metaspace       used 91628K, committed 93440K, reserved 1179648K
  class space    used 9226K, committed 10048K, reserved 1048576K
}
Event: 2234.308 GC heap after
{Heap after GC invocations=3900 (full 6):
 PSYoungGen      total 10240K, used 1005K [0x00000000d5580000, 0x00000000d6a80000, 0x0000000100000000)
  eden space 9216K, 0% used [0x00000000d5580000,0x00000000d5580000,0x00000000d5e80000)
  from space 1024K, 98% used [0x00000000d6080000,0x00000000d617b4e0,0x00000000d6180000)
  to   space 6144K, 0% used [0x00000000d6480000,0x00000000d6480000,0x00000000d6a80000)
 ParOldGen       total 1033216K, used 1033007K [0x0000000080000000, 0x00000000bf100000, 0x00000000d5580000)
  object space 1033216K, 99% used [0x0000000080000000,0x00000000bf0cbc08,0x00000000bf100000)
 Metaspace       used 91628K, committed 93440K, reserved 1179648K
  class space    used 9226K, committed 10048K, reserved 1048576K
}
Event: 2234.400 GC heap before
{Heap before GC invocations=3901 (full 6):
 PSYoungGen      total 10240K, used 10221K [0x00000000d5580000, 0x00000000d6a80000, 0x0000000100000000)
  eden space 9216K, 100% used [0x00000000d5580000,0x00000000d5e80000,0x00000000d5e80000)
  from space 1024K, 98% used [0x00000000d6080000,0x00000000d617b4e0,0x00000000d6180000)
  to   space 6144K, 0% used [0x00000000d6480000,0x00000000d6480000,0x00000000d6a80000)
 ParOldGen       total 1033216K, used 1033007K [0x0000000080000000, 0x00000000bf100000, 0x00000000d5580000)
  object space 1033216K, 99% used [0x0000000080000000,0x00000000bf0cbc08,0x00000000bf100000)
 Metaspace       used 91628K, committed 93440K, reserved 1179648K
  class space    used 9226K, committed 10048K, reserved 1048576K
}
Event: 2234.405 GC heap after
{Heap after GC invocations=3901 (full 6):
 PSYoungGen      total 9728K, used 224K [0x00000000d5580000, 0x00000000d6500000, 0x0000000100000000)
  eden space 9216K, 0% used [0x00000000d5580000,0x00000000d5580000,0x00000000d5e80000)
  from space 512K, 43% used [0x00000000d6480000,0x00000000d64b8000,0x00000000d6500000)
  to   space 2048K, 0% used [0x00000000d6100000,0x00000000d6100000,0x00000000d6300000)
 ParOldGen       total 1033216K, used 1033063K [0x0000000080000000, 0x00000000bf100000, 0x00000000d5580000)
  object space 1033216K, 99% used [0x0000000080000000,0x00000000bf0d9c08,0x00000000bf100000)
 Metaspace       used 91628K, committed 93440K, reserved 1179648K
  class space    used 9226K, committed 10048K, reserved 1048576K
}
Event: 2240.660 GC heap before
{Heap before GC invocations=3902 (full 6):
 PSYoungGen      total 9728K, used 9440K [0x00000000d5580000, 0x00000000d6500000, 0x0000000100000000)
  eden space 9216K, 100% used [0x00000000d5580000,0x00000000d5e80000,0x00000000d5e80000)
  from space 512K, 43% used [0x00000000d6480000,0x00000000d64b8000,0x00000000d6500000)
  to   space 2048K, 0% used [0x00000000d6100000,0x00000000d6100000,0x00000000d6300000)
 ParOldGen       total 1033216K, used 1033063K [0x0000000080000000, 0x00000000bf100000, 0x00000000d5580000)
  object space 1033216K, 99% used [0x0000000080000000,0x00000000bf0d9c08,0x00000000bf100000)
 Metaspace       used 91638K, committed 93440K, reserved 1179648K
  class space    used 9226K, committed 10048K, reserved 1048576K
}
Event: 2240.668 GC heap after
{Heap after GC invocations=3902 (full 6):
 PSYoungGen      total 11264K, used 288K [0x00000000d5580000, 0x00000000d6500000, 0x0000000100000000)
  eden space 9216K, 0% used [0x00000000d5580000,0x00000000d5580000,0x00000000d5e80000)
  from space 2048K, 14% used [0x00000000d6100000,0x00000000d6148020,0x00000000d6300000)
  to   space 1024K, 0% used [0x00000000d6400000,0x00000000d6400000,0x00000000d6500000)
 ParOldGen       total 1033216K, used 1033103K [0x0000000080000000, 0x00000000bf100000, 0x00000000d5580000)
  object space 1033216K, 99% used [0x0000000080000000,0x00000000bf0e3c08,0x00000000bf100000)
 Metaspace       used 91638K, committed 93440K, reserved 1179648K
  class space    used 9226K, committed 10048K, reserved 1048576K
}
Event: 2241.485 GC heap before
{Heap before GC invocations=3903 (full 6):
 PSYoungGen      total 11264K, used 9504K [0x00000000d5580000, 0x00000000d6500000, 0x0000000100000000)
  eden space 9216K, 100% used [0x00000000d5580000,0x00000000d5e80000,0x00000000d5e80000)
  from space 2048K, 14% used [0x00000000d6100000,0x00000000d6148020,0x00000000d6300000)
  to   space 1024K, 0% used [0x00000000d6400000,0x00000000d6400000,0x00000000d6500000)
 ParOldGen       total 1033216K, used 1033103K [0x0000000080000000, 0x00000000bf100000, 0x00000000d5580000)
  object space 1033216K, 99% used [0x0000000080000000,0x00000000bf0e3c08,0x00000000bf100000)
 Metaspace       used 91638K, committed 93440K, reserved 1179648K
  class space    used 9226K, committed 10048K, reserved 1048576K
}
Event: 2241.492 GC heap after
{Heap after GC invocations=3903 (full 6):
 PSYoungGen      total 9728K, used 256K [0x00000000d5580000, 0x00000000d6480000, 0x0000000100000000)
  eden space 9216K, 0% used [0x00000000d5580000,0x00000000d5580000,0x00000000d5e80000)
  from space 512K, 50% used [0x00000000d6400000,0x00000000d6440000,0x00000000d6480000)
  to   space 512K, 0% used [0x00000000d6380000,0x00000000d6380000,0x00000000d6400000)
 ParOldGen       total 1033728K, used 1033231K [0x0000000080000000, 0x00000000bf180000, 0x00000000d5580000)
  object space 1033728K, 99% used [0x0000000080000000,0x00000000bf103c28,0x00000000bf180000)
 Metaspace       used 91638K, committed 93440K, reserved 1179648K
  class space    used 9226K, committed 10048K, reserved 1048576K
}
Event: 2242.464 GC heap before
{Heap before GC invocations=3904 (full 6):
 PSYoungGen      total 9728K, used 9393K [0x00000000d5580000, 0x00000000d6480000, 0x0000000100000000)
  eden space 9216K, 99% used [0x00000000d5580000,0x00000000d5e6c500,0x00000000d5e80000)
  from space 512K, 50% used [0x00000000d6400000,0x00000000d6440000,0x00000000d6480000)
  to   space 512K, 0% used [0x00000000d6380000,0x00000000d6380000,0x00000000d6400000)
 ParOldGen       total 1033728K, used 1033231K [0x0000000080000000, 0x00000000bf180000, 0x00000000d5580000)
  object space 1033728K, 99% used [0x0000000080000000,0x00000000bf103c28,0x00000000bf180000)
 Metaspace       used 91640K, committed 93440K, reserved 1179648K
  class space    used 9226K, committed 10048K, reserved 1048576K
}
Event: 2242.471 GC heap after
{Heap after GC invocations=3904 (full 6):
 PSYoungGen      total 9728K, used 512K [0x00000000d5580000, 0x00000000d6480000, 0x0000000100000000)
  eden space 9216K, 0% used [0x00000000d5580000,0x00000000d5580000,0x00000000d5e80000)
  from space 512K, 100% used [0x00000000d6380000,0x00000000d6400000,0x00000000d6400000)
  to   space 512K, 0% used [0x00000000d6400000,0x00000000d6400000,0x00000000d6480000)
 ParOldGen       total 1033728K, used 1033295K [0x0000000080000000, 0x00000000bf180000, 0x00000000d5580000)
  object space 1033728K, 99% used [0x0000000080000000,0x00000000bf113c28,0x00000000bf180000)
 Metaspace       used 91640K, committed 93440K, reserved 1179648K
  class space    used 9226K, committed 10048K, reserved 1048576K
}
Event: 2242.519 GC heap before
{Heap before GC invocations=3905 (full 6):
 PSYoungGen      total 9728K, used 9728K [0x00000000d5580000, 0x00000000d6480000, 0x0000000100000000)
  eden space 9216K, 100% used [0x00000000d5580000,0x00000000d5e80000,0x00000000d5e80000)
  from space 512K, 100% used [0x00000000d6380000,0x00000000d6400000,0x00000000d6400000)
  to   space 512K, 0% used [0x00000000d6400000,0x00000000d6400000,0x00000000d6480000)
 ParOldGen       total 1033728K, used 1033295K [0x0000000080000000, 0x00000000bf180000, 0x00000000d5580000)
  object space 1033728K, 99% used [0x0000000080000000,0x00000000bf113c28,0x00000000bf180000)
 Metaspace       used 91640K, committed 93440K, reserved 1179648K
  class space    used 9226K, committed 10048K, reserved 1048576K
}
Event: 2242.526 GC heap after
{Heap after GC invocations=3905 (full 6):
 PSYoungGen      total 9728K, used 474K [0x00000000d5580000, 0x00000000d6480000, 0x0000000100000000)
  eden space 9216K, 0% used [0x00000000d5580000,0x00000000d5580000,0x00000000d5e80000)
  from space 512K, 92% used [0x00000000d6400000,0x00000000d6476910,0x00000000d6480000)
  to   space 512K, 0% used [0x00000000d6380000,0x00000000d6380000,0x00000000d6400000)
 ParOldGen       total 1034240K, used 1033772K [0x0000000080000000, 0x00000000bf200000, 0x00000000d5580000)
  object space 1034240K, 99% used [0x0000000080000000,0x00000000bf18b0c8,0x00000000bf200000)
 Metaspace       used 91640K, committed 93440K, reserved 1179648K
  class space    used 9226K, committed 10048K, reserved 1048576K
}
Event: 2242.994 GC heap before
{Heap before GC invocations=3906 (full 6):
 PSYoungGen      total 9728K, used 9690K [0x00000000d5580000, 0x00000000d6480000, 0x0000000100000000)
  eden space 9216K, 100% used [0x00000000d5580000,0x00000000d5e80000,0x00000000d5e80000)
  from space 512K, 92% used [0x00000000d6400000,0x00000000d6476910,0x00000000d6480000)
  to   space 512K, 0% used [0x00000000d6380000,0x00000000d6380000,0x00000000d6400000)
 ParOldGen       total 1034240K, used 1033772K [0x0000000080000000, 0x00000000bf200000, 0x00000000d5580000)
  object space 1034240K, 99% used [0x0000000080000000,0x00000000bf18b0c8,0x00000000bf200000)
 Metaspace       used 91640K, committed 93440K, reserved 1179648K
  class space    used 9226K, committed 10048K, reserved 1048576K
}
Event: 2243.008 GC heap after
{Heap after GC invocations=3906 (full 6):
 PSYoungGen      total 9728K, used 488K [0x00000000d5580000, 0x00000000d6980000, 0x0000000100000000)
  eden space 9216K, 0% used [0x00000000d5580000,0x00000000d5580000,0x00000000d5e80000)
  from space 512K, 95% used [0x00000000d6380000,0x00000000d63fa000,0x00000000d6400000)
  to   space 5632K, 0% used [0x00000000d6400000,0x00000000d6400000,0x00000000d6980000)
 ParOldGen       total 1038336K, used 1037982K [0x0000000080000000, 0x00000000bf600000, 0x00000000d5580000)
  object space 1038336K, 99% used [0x0000000080000000,0x00000000bf5a79d8,0x00000000bf600000)
 Metaspace       used 91640K, committed 93440K, reserved 1179648K
  class space    used 9226K, committed 10048K, reserved 1048576K
}
Event: 2373.025 GC heap before
{Heap before GC invocations=3907 (full 6):
 PSYoungGen      total 9728K, used 9703K [0x00000000d5580000, 0x00000000d6980000, 0x0000000100000000)
  eden space 9216K, 99% used [0x00000000d5580000,0x00000000d5e7fff8,0x00000000d5e80000)
  from space 512K, 95% used [0x00000000d6380000,0x00000000d63fa000,0x00000000d6400000)
  to   space 5632K, 0% used [0x00000000d6400000,0x00000000d6400000,0x00000000d6980000)
 ParOldGen       total 1038336K, used 1037982K [0x0000000080000000, 0x00000000bf600000, 0x00000000d5580000)
  object space 1038336K, 99% used [0x0000000080000000,0x00000000bf5a79d8,0x00000000bf600000)
 Metaspace       used 91670K, committed 93504K, reserved 1179648K
  class space    used 9227K, committed 10048K, reserved 1048576K
}
Event: 2373.033 GC heap after
{Heap after GC invocations=3907 (full 6):
 PSYoungGen      total 9728K, used 256K [0x00000000d5580000, 0x00000000d6480000, 0x0000000100000000)
  eden space 9216K, 0% used [0x00000000d5580000,0x00000000d5580000,0x00000000d5e80000)
  from space 512K, 50% used [0x00000000d6400000,0x00000000d6440000,0x00000000d6480000)
  to   space 2048K, 0% used [0x00000000d6080000,0x00000000d6080000,0x00000000d6280000)
 ParOldGen       total 1038848K, used 1038342K [0x0000000080000000, 0x00000000bf680000, 0x00000000d5580000)
  object space 1038848K, 99% used [0x0000000080000000,0x00000000bf6019d8,0x00000000bf680000)
 Metaspace       used 91670K, committed 93504K, reserved 1179648K
  class space    used 9227K, committed 10048K, reserved 1048576K
}
Event: 2667.863 GC heap before
{Heap before GC invocations=3908 (full 6):
 PSYoungGen      total 9728K, used 9472K [0x00000000d5580000, 0x00000000d6480000, 0x0000000100000000)
  eden space 9216K, 100% used [0x00000000d5580000,0x00000000d5e80000,0x00000000d5e80000)
  from space 512K, 50% used [0x00000000d6400000,0x00000000d6440000,0x00000000d6480000)
  to   space 2048K, 0% used [0x00000000d6080000,0x00000000d6080000,0x00000000d6280000)
 ParOldGen       total 1038848K, used 1038342K [0x0000000080000000, 0x00000000bf680000, 0x00000000d5580000)
  object space 1038848K, 99% used [0x0000000080000000,0x00000000bf6019d8,0x00000000bf680000)
 Metaspace       used 91675K, committed 93504K, reserved 1179648K
  class space    used 9227K, committed 10048K, reserved 1048576K
}
Event: 2667.872 GC heap after
{Heap after GC invocations=3908 (full 6):
 PSYoungGen      total 11264K, used 128K [0x00000000d5580000, 0x00000000d6480000, 0x0000000100000000)
  eden space 9216K, 0% used [0x00000000d5580000,0x00000000d5580000,0x00000000d5e80000)
  from space 2048K, 6% used [0x00000000d6080000,0x00000000d60a0000,0x00000000d6280000)
  to   space 512K, 0% used [0x00000000d6400000,0x00000000d6400000,0x00000000d6480000)
 ParOldGen       total 1038848K, used 1038406K [0x0000000080000000, 0x00000000bf680000, 0x00000000d5580000)
  object space 1038848K, 99% used [0x0000000080000000,0x00000000bf6119e8,0x00000000bf680000)
 Metaspace       used 91675K, committed 93504K, reserved 1179648K
  class space    used 9227K, committed 10048K, reserved 1048576K
}

Dll operation events (12 events):
Event: 0.018 Loaded shared library c:\Users\sande\.vscode\extensions\redhat.java-1.50.0-win32-x64\jre\21.0.9-win32-x86_64\bin\java.dll
Event: 0.096 Loaded shared library c:\Users\sande\.vscode\extensions\redhat.java-1.50.0-win32-x64\jre\21.0.9-win32-x86_64\bin\zip.dll
Event: 0.119 Loaded shared library C:\Users\sande\.vscode\extensions\redhat.java-1.50.0-win32-x64\jre\21.0.9-win32-x86_64\bin\instrument.dll
Event: 0.126 Loaded shared library C:\Users\sande\.vscode\extensions\redhat.java-1.50.0-win32-x64\jre\21.0.9-win32-x86_64\bin\net.dll
Event: 0.129 Loaded shared library C:\Users\sande\.vscode\extensions\redhat.java-1.50.0-win32-x64\jre\21.0.9-win32-x86_64\bin\nio.dll
Event: 0.133 Loaded shared library C:\Users\sande\.vscode\extensions\redhat.java-1.50.0-win32-x64\jre\21.0.9-win32-x86_64\bin\zip.dll
Event: 0.164 Loaded shared library C:\Users\sande\.vscode\extensions\redhat.java-1.50.0-win32-x64\jre\21.0.9-win32-x86_64\bin\jimage.dll
Event: 0.247 Loaded shared library c:\Users\sande\.vscode\extensions\redhat.java-1.50.0-win32-x64\jre\21.0.9-win32-x86_64\bin\verify.dll
Event: 1.705 Loaded shared library C:\Users\sande\AppData\Roaming\Code\User\globalStorage\redhat.java\1.50.0\config_win\org.eclipse.equinox.launcher\org.eclipse.equinox.launcher.win32.win32.x86_64_1.2.1400.v20250801-0854\eclipse_11916.dll
Event: 4.374 Loaded shared library C:\Users\sande\AppData\Local\Temp\jna-109203553\jna18421870353091966792.dll
Event: 5.962 Loaded shared library C:\Users\sande\.vscode\extensions\redhat.java-1.50.0-win32-x64\jre\21.0.9-win32-x86_64\bin\sunmscapi.dll
Event: 6.230 Loaded shared library C:\Users\sande\.vscode\extensions\redhat.java-1.50.0-win32-x64\jre\21.0.9-win32-x86_64\bin\extnet.dll

Deoptimization events (20 events):
Event: 2731.540 Thread 0x000002310b4a8b70 Uncommon trap: trap_request=0xffffff45 fr.pc=0x00000230b5a7e77c relative=0x0000000000000b5c
Event: 2731.540 Thread 0x000002310b4a8b70 Uncommon trap: reason=unstable_if action=reinterpret pc=0x00000230b5a7e77c method=java.util.concurrent.ForkJoinPool.signalWork()V @ 83 c2
Event: 2731.540 Thread 0x000002310b4a8b70 DEOPT PACKING pc=0x00000230b5a7e77c sp=0x0000006d753fef30
Event: 2731.540 Thread 0x000002310b4a8b70 DEOPT UNPACKING pc=0x00000230b44c3aa2 sp=0x0000006d753fec20 mode 2
Event: 3004.563 Thread 0x000002310b4a7130 Uncommon trap: trap_request=0xffffff45 fr.pc=0x00000230b5ca6388 relative=0x00000000000008e8
Event: 3004.563 Thread 0x000002310b4a7130 Uncommon trap: reason=unstable_if action=reinterpret pc=0x00000230b5ca6388 method=org.eclipse.core.internal.jobs.JobManager.nextJob()Lorg/eclipse/core/runtime/jobs/Job; @ 78 c2
Event: 3004.563 Thread 0x000002310b4a7130 DEOPT PACKING pc=0x00000230b5ca6388 sp=0x0000006d70dff610
Event: 3004.564 Thread 0x000002310b4a7130 DEOPT UNPACKING pc=0x00000230b44c3aa2 sp=0x0000006d70dff550 mode 2
Event: 3004.564 Thread 0x000002310b4ab960 Uncommon trap: trap_request=0xffffff45 fr.pc=0x00000230b5ca7acc relative=0x000000000000030c
Event: 3004.564 Thread 0x000002310b4ab960 Uncommon trap: reason=unstable_if action=reinterpret pc=0x00000230b5ca7acc method=org.eclipse.core.internal.jobs.JobManager.sleepHint()J @ 43 c2
Event: 3004.564 Thread 0x000002310b4ab960 DEOPT PACKING pc=0x00000230b5ca7acc sp=0x0000006d725ff140
Event: 3004.564 Thread 0x000002310b4ab960 DEOPT UNPACKING pc=0x00000230b44c3aa2 sp=0x0000006d725ff0f8 mode 2
Event: 4599.370 Thread 0x00000231097607a0 Uncommon trap: trap_request=0xffffffd6 fr.pc=0x00000230b55c26c0 relative=0x0000000000000300
Event: 4599.370 Thread 0x00000231097607a0 Uncommon trap: reason=array_check action=maybe_recompile pc=0x00000230b55c26c0 method=java.util.concurrent.ScheduledThreadPoolExecutor$DelayedWorkQueue.offer(Ljava/lang/Runnable;)Z @ 65 c2
Event: 4599.370 Thread 0x00000231097607a0 DEOPT PACKING pc=0x00000230b55c26c0 sp=0x0000006d750fefc0
Event: 4599.370 Thread 0x00000231097607a0 DEOPT UNPACKING pc=0x00000230b44c3aa2 sp=0x0000006d750fef30 mode 2
Event: 4600.011 Thread 0x000002310a7e3ba0 Uncommon trap: trap_request=0xffffffd6 fr.pc=0x00000230b55c26c0 relative=0x0000000000000300
Event: 4600.011 Thread 0x000002310a7e3ba0 Uncommon trap: reason=array_check action=maybe_recompile pc=0x00000230b55c26c0 method=java.util.concurrent.ScheduledThreadPoolExecutor$DelayedWorkQueue.offer(Ljava/lang/Runnable;)Z @ 65 c2
Event: 4600.011 Thread 0x000002310a7e3ba0 DEOPT PACKING pc=0x00000230b55c26c0 sp=0x0000006d740ff0d0
Event: 4600.020 Thread 0x000002310a7e3ba0 DEOPT UNPACKING pc=0x00000230b44c3aa2 sp=0x0000006d740ff040 mode 2

Classes loaded (20 events):
Event: 279.011 Loading class java/util/function/LongFunction
Event: 279.011 Loading class java/util/function/LongFunction done
Event: 279.011 Loading class java/util/stream/Nodes$ConcNode
Event: 279.012 Loading class java/util/stream/Nodes$AbstractConcNode
Event: 279.012 Loading class java/util/stream/Nodes$AbstractConcNode done
Event: 279.012 Loading class java/util/stream/Nodes$ConcNode done
Event: 279.013 Loading class java/util/stream/Nodes$ToArrayTask$OfRef
Event: 279.014 Loading class java/util/stream/Nodes$ToArrayTask
Event: 279.014 Loading class java/util/stream/Nodes$ToArrayTask done
Event: 279.014 Loading class java/util/stream/Nodes$ToArrayTask$OfRef done
Event: 279.019 Loading class java/io/ObjectOutputStream$BlockDataOutputStream
Event: 279.020 Loading class java/io/ObjectOutputStream$BlockDataOutputStream done
Event: 279.020 Loading class java/io/ObjectOutputStream$HandleTable
Event: 279.020 Loading class java/io/ObjectOutputStream$HandleTable done
Event: 279.020 Loading class java/io/ObjectOutputStream$ReplaceTable
Event: 279.020 Loading class java/io/ObjectOutputStream$ReplaceTable done
Event: 522.443 Loading class java/util/stream/ReferencePipeline$15
Event: 522.444 Loading class java/util/stream/ReferencePipeline$15 done
Event: 522.445 Loading class java/util/stream/ReferencePipeline$15$1
Event: 522.445 Loading class java/util/stream/ReferencePipeline$15$1 done

Classes unloaded (7 events):
Event: 4.853 Thread 0x00000230a9cd4f10 Unloading class 0x00000230c21b8800 'java/lang/invoke/LambdaForm$MH+0x00000230c21b8800'
Event: 4.853 Thread 0x00000230a9cd4f10 Unloading class 0x00000230c21b8400 'java/lang/invoke/LambdaForm$MH+0x00000230c21b8400'
Event: 4.853 Thread 0x00000230a9cd4f10 Unloading class 0x00000230c21b8000 'java/lang/invoke/LambdaForm$MH+0x00000230c21b8000'
Event: 4.853 Thread 0x00000230a9cd4f10 Unloading class 0x00000230c21b7c00 'java/lang/invoke/LambdaForm$MH+0x00000230c21b7c00'
Event: 4.853 Thread 0x00000230a9cd4f10 Unloading class 0x00000230c21b7800 'java/lang/invoke/LambdaForm$BMH+0x00000230c21b7800'
Event: 4.853 Thread 0x00000230a9cd4f10 Unloading class 0x00000230c21b7400 'java/lang/invoke/LambdaForm$DMH+0x00000230c21b7400'
Event: 4.853 Thread 0x00000230a9cd4f10 Unloading class 0x00000230c21b6000 'java/lang/invoke/LambdaForm$DMH+0x00000230c21b6000'

Classes redefined (0 events):
No events

Internal exceptions (20 events):
Event: 2234.393 Thread 0x000002310975e040 Exception <a 'sun/nio/fs/WindowsException'{0x00000000d5e5d9b8}> (0x00000000d5e5d9b8) 
thrown [s\src\hotspot\share\prims\jni.cpp, line 520]
Event: 2235.636 Thread 0x000002310d5dfb50 Exception <a 'sun/nio/fs/WindowsException'{0x00000000d5cd0bb8}> (0x00000000d5cd0bb8) 
thrown [s\src\hotspot\share\prims\jni.cpp, line 520]
Event: 2235.637 Thread 0x000002310d5dfb50 Exception <a 'sun/nio/fs/WindowsException'{0x00000000d5cd11e8}> (0x00000000d5cd11e8) 
thrown [s\src\hotspot\share\prims\jni.cpp, line 520]
Event: 2235.638 Thread 0x000002310d5dfb50 Exception <a 'sun/nio/fs/WindowsException'{0x00000000d5cd1e50}> (0x00000000d5cd1e50) 
thrown [s\src\hotspot\share\prims\jni.cpp, line 520]
Event: 2235.638 Thread 0x000002310d5dfb50 Exception <a 'sun/nio/fs/WindowsException'{0x00000000d5cd2730}> (0x00000000d5cd2730) 
thrown [s\src\hotspot\share\prims\jni.cpp, line 520]
Event: 2235.638 Thread 0x000002310d5dfb50 Exception <a 'sun/nio/fs/WindowsException'{0x00000000d5cd3ca8}> (0x00000000d5cd3ca8) 
thrown [s\src\hotspot\share\prims\jni.cpp, line 520]
Event: 2235.638 Thread 0x000002310d5dfb50 Exception <a 'sun/nio/fs/WindowsException'{0x00000000d5cd42d8}> (0x00000000d5cd42d8) 
thrown [s\src\hotspot\share\prims\jni.cpp, line 520]
Event: 2235.639 Thread 0x000002310d5dfb50 Exception <a 'sun/nio/fs/WindowsException'{0x00000000d5cd4f18}> (0x00000000d5cd4f18) 
thrown [s\src\hotspot\share\prims\jni.cpp, line 520]
Event: 2235.639 Thread 0x000002310d5dfb50 Exception <a 'sun/nio/fs/WindowsException'{0x00000000d5cd5548}> (0x00000000d5cd5548) 
thrown [s\src\hotspot\share\prims\jni.cpp, line 520]
Event: 2242.455 Thread 0x000002310975e040 Exception <a 'sun/nio/fs/WindowsException'{0x00000000d5e078d8}> (0x00000000d5e078d8) 
thrown [s\src\hotspot\share\prims\jni.cpp, line 520]
Event: 2242.557 Thread 0x000002310975e040 Exception <a 'sun/nio/fs/WindowsException'{0x00000000d59d5ed8}> (0x00000000d59d5ed8) 
thrown [s\src\hotspot\share\prims\jni.cpp, line 520]
Event: 2302.781 Thread 0x000002310b4acd10 Exception <a 'sun/nio/fs/WindowsException'{0x00000000d58ff8e0}> (0x00000000d58ff8e0) 
thrown [s\src\hotspot\share\prims\jni.cpp, line 520]
Event: 2302.781 Thread 0x000002310b4acd10 Exception <a 'sun/nio/fs/WindowsException'{0x00000000d58fff30}> (0x00000000d58fff30) 
thrown [s\src\hotspot\share\prims\jni.cpp, line 520]
Event: 2302.782 Thread 0x000002310b4acd10 Exception <a 'sun/nio/fs/WindowsException'{0x00000000d5900b98}> (0x00000000d5900b98) 
thrown [s\src\hotspot\share\prims\jni.cpp, line 520]
Event: 2302.782 Thread 0x000002310b4acd10 Exception <a 'sun/nio/fs/WindowsException'{0x00000000d5901478}> (0x00000000d5901478) 
thrown [s\src\hotspot\share\prims\jni.cpp, line 520]
Event: 2302.782 Thread 0x000002310b4acd10 Exception <a 'sun/nio/fs/WindowsException'{0x00000000d5902a10}> (0x00000000d5902a10) 
thrown [s\src\hotspot\share\prims\jni.cpp, line 520]
Event: 2302.782 Thread 0x000002310b4acd10 Exception <a 'sun/nio/fs/WindowsException'{0x00000000d5903040}> (0x00000000d5903040) 
thrown [s\src\hotspot\share\prims\jni.cpp, line 520]
Event: 2302.783 Thread 0x000002310b4acd10 Exception <a 'sun/nio/fs/WindowsException'{0x00000000d5903c80}> (0x00000000d5903c80) 
thrown [s\src\hotspot\share\prims\jni.cpp, line 520]
Event: 2302.783 Thread 0x000002310b4acd10 Exception <a 'sun/nio/fs/WindowsException'{0x00000000d59042b0}> (0x00000000d59042b0) 
thrown [s\src\hotspot\share\prims\jni.cpp, line 520]
Event: 2372.962 Thread 0x000002310b4a7e50 Implicit null exception at 0x00000230b5058f24 to 0x00000230b505a234

ZGC Phase Switch (0 events):
No events

VM Operations (20 events):
Event: 6553.673 Executing VM operation: HandshakeAllThreads (HandshakeForDeflation)
Event: 6553.673 Executing VM operation: HandshakeAllThreads (HandshakeForDeflation) done
Event: 6553.673 Executing VM operation: RendezvousGCThreads
Event: 6553.673 Executing VM operation: RendezvousGCThreads done
Event: 6674.013 Executing VM operation: HandshakeAllThreads (HandshakeForDeflation)
Event: 6674.016 Executing VM operation: HandshakeAllThreads (HandshakeForDeflation) done
Event: 6674.016 Executing VM operation: RendezvousGCThreads
Event: 6674.016 Executing VM operation: RendezvousGCThreads done
Event: 7154.923 Executing VM operation: HandshakeAllThreads (HandshakeForDeflation)
Event: 7154.928 Executing VM operation: HandshakeAllThreads (HandshakeForDeflation) done
Event: 7154.928 Executing VM operation: RendezvousGCThreads
Event: 7154.928 Executing VM operation: RendezvousGCThreads done
Event: 7515.616 Executing VM operation: HandshakeAllThreads (HandshakeForDeflation)
Event: 7515.616 Executing VM operation: HandshakeAllThreads (HandshakeForDeflation) done
Event: 7515.616 Executing VM operation: RendezvousGCThreads
Event: 7515.616 Executing VM operation: RendezvousGCThreads done
Event: 7575.745 Executing VM operation: HandshakeAllThreads (HandshakeForDeflation)
Event: 7575.745 Executing VM operation: HandshakeAllThreads (HandshakeForDeflation) done
Event: 7575.745 Executing VM operation: RendezvousGCThreads
Event: 7575.745 Executing VM operation: RendezvousGCThreads done

Memory protections (0 events):
No events

Nmethod flushes (20 events):
Event: 916.621 Thread 0x00000230a9cd4f10 flushing  nmethod 0x00000230afd78390
Event: 916.621 Thread 0x00000230a9cd4f10 flushing  nmethod 0x00000230afd7d490
Event: 916.621 Thread 0x00000230a9cd4f10 flushing osr nmethod 0x00000230afd83b90
Event: 916.621 Thread 0x00000230a9cd4f10 flushing  nmethod 0x00000230afd92790
Event: 916.621 Thread 0x00000230a9cd4f10 flushing  nmethod 0x00000230afd94a90
Event: 916.621 Thread 0x00000230a9cd4f10 flushing  nmethod 0x00000230afda1390
Event: 916.621 Thread 0x00000230a9cd4f10 flushing  nmethod 0x00000230afda2310
Event: 916.621 Thread 0x00000230a9cd4f10 flushing  nmethod 0x00000230afda3b10
Event: 916.621 Thread 0x00000230a9cd4f10 flushing  nmethod 0x00000230afdc5e90
Event: 916.621 Thread 0x00000230a9cd4f10 flushing  nmethod 0x00000230afdce190
Event: 916.621 Thread 0x00000230a9cd4f10 flushing  nmethod 0x00000230afdfc890
Event: 916.621 Thread 0x00000230a9cd4f10 flushing osr nmethod 0x00000230afe46410
Event: 916.621 Thread 0x00000230a9cd4f10 flushing  nmethod 0x00000230afe4d210
Event: 916.621 Thread 0x00000230a9cd4f10 flushing  nmethod 0x00000230afe54490
Event: 916.621 Thread 0x00000230a9cd4f10 flushing  nmethod 0x00000230afe62d10
Event: 916.621 Thread 0x00000230a9cd4f10 flushing  nmethod 0x00000230afe69410
Event: 916.621 Thread 0x00000230a9cd4f10 flushing  nmethod 0x00000230afe89f10
Event: 916.621 Thread 0x00000230a9cd4f10 flushing  nmethod 0x00000230afe97c10
Event: 916.621 Thread 0x00000230a9cd4f10 flushing  nmethod 0x00000230afea7b90
Event: 916.621 Thread 0x00000230a9cd4f10 flushing  nmethod 0x00000230aff58110

Events (20 events):
Event: 2371.425 Thread 0x000002310b4acd10 Thread exited: 0x000002310b4acd10
Event: 2371.425 Thread 0x000002310b4ad3a0 Thread exited: 0x000002310b4ad3a0
Event: 2371.430 Thread 0x000002310d5df4c0 Thread added: 0x000002310b4ada30
Event: 2371.431 Thread 0x000002310b4ada30 Thread exited: 0x000002310b4ada30
Event: 2371.545 Thread 0x000002310d5dcd60 Thread exited: 0x000002310d5dcd60
Event: 2425.014 Thread 0x000002310d5dfb50 Thread exited: 0x000002310d5dfb50
Event: 2431.551 Thread 0x000002310d5df4c0 Thread exited: 0x000002310d5df4c0
Event: 2453.879 Thread 0x000002310d5e01e0 Thread exited: 0x000002310d5e01e0
Event: 2456.594 Thread 0x000002310d5dd3f0 Thread exited: 0x000002310d5dd3f0
Event: 2485.016 Thread 0x000002310b4abff0 Thread exited: 0x000002310b4abff0
Event: 2512.742 Thread 0x000002310d5e0f00 Thread exited: 0x000002310d5e0f00
Event: 2527.574 Thread 0x000002310d5e22b0 Thread exited: 0x000002310d5e22b0
Event: 2534.413 Thread 0x000002310b4a9890 Thread exited: 0x000002310b4a9890
Event: 2542.555 Thread 0x000002310b4a9f20 Thread exited: 0x000002310b4a9f20
Event: 2545.029 Thread 0x000002310b4ab2d0 Thread exited: 0x000002310b4ab2d0
Event: 2605.032 Thread 0x000002310b4ae0c0 Thread exited: 0x000002310b4ae0c0
Event: 2731.540 Thread 0x000002310b4a8b70 Thread added: 0x000002310b4aac40
Event: 2791.565 Thread 0x000002310b4aac40 Thread exited: 0x000002310b4aac40
Event: 3546.804 Thread 0x000002310b4a8b70 Thread added: 0x000002310b4ab2d0
Event: 3607.376 Thread 0x000002310b4ab2d0 Thread exited: 0x000002310b4ab2d0


Dynamic libraries:
0x00007ff606ec0000 - 0x00007ff606ece000 	c:\Users\sande\.vscode\extensions\redhat.java-1.50.0-win32-x64\jre\21.0.9-win32-x86_64\bin\java.exe
0x00007ffe916e0000 - 0x00007ffe91948000 	C:\WINDOWS\SYSTEM32\ntdll.dll
0x00007ffe90210000 - 0x00007ffe902d9000 	C:\WINDOWS\System32\KERNEL32.DLL
0x00007ffe8eea0000 - 0x00007ffe8f298000 	C:\WINDOWS\System32\KERNELBASE.dll
0x00007ffe8ed50000 - 0x00007ffe8ee9b000 	C:\WINDOWS\System32\ucrtbase.dll
0x00007ffe18b40000 - 0x00007ffe18b58000 	c:\Users\sande\.vscode\extensions\redhat.java-1.50.0-win32-x64\jre\21.0.9-win32-x86_64\bin\jli.dll
0x00007ffe87360000 - 0x00007ffe8737e000 	c:\Users\sande\.vscode\extensions\redhat.java-1.50.0-win32-x64\jre\21.0.9-win32-x86_64\bin\VCRUNTIME140.dll
0x00007ffe90940000 - 0x00007ffe90b07000 	C:\WINDOWS\System32\USER32.dll
0x00007ffe8e970000 - 0x00007ffe8e997000 	C:\WINDOWS\System32\win32u.dll
0x00007ffe90670000 - 0x00007ffe9069b000 	C:\WINDOWS\System32\GDI32.dll
0x00007ffe76890000 - 0x00007ffe76b24000 	C:\WINDOWS\WinSxS\amd64_microsoft.windows.common-controls_6595b64144ccf1df_6.0.26100.7019_none_3e06ffa0e335b8a8\COMCTL32.dll
0x00007ffe8f2a0000 - 0x00007ffe8f3cc000 	C:\WINDOWS\System32\gdi32full.dll
0x00007ffe90890000 - 0x00007ffe90939000 	C:\WINDOWS\System32\msvcrt.dll
0x00007ffe8f3d0000 - 0x00007ffe8f473000 	C:\WINDOWS\System32\msvcp_win.dll
0x00007ffe90360000 - 0x00007ffe90391000 	C:\WINDOWS\System32\IMM32.DLL
0x0000000056cc0000 - 0x0000000056ccc000 	C:\Program Files (x86)\360\Total Security\safemon\SafeWrapper.dll
0x00007ffe904b0000 - 0x00007ffe90564000 	C:\WINDOWS\System32\ADVAPI32.dll
0x00007ffe8ff80000 - 0x00007ffe90026000 	C:\WINDOWS\System32\sechost.dll
0x00007ffe8f480000 - 0x00007ffe8f598000 	C:\WINDOWS\System32\RPCRT4.dll
0x00007ffddec20000 - 0x00007ffddeccc000 	C:\Program Files (x86)\360\Total Security\safemon\libzdtp64.dll
0x00007ffe90b10000 - 0x00007ffe9125f000 	C:\WINDOWS\System32\SHELL32.dll
0x00007ffe8ea60000 - 0x00007ffe8ebcb000 	C:\WINDOWS\System32\wintypes.dll
0x00007ffe8f5a0000 - 0x00007ffe8f92b000 	C:\WINDOWS\System32\combase.dll
0x00007ffe90780000 - 0x00007ffe907e7000 	C:\WINDOWS\System32\SHLWAPI.dll
0x00007ffe8e320000 - 0x00007ffe8e32b000 	C:\WINDOWS\SYSTEM32\VERSION.dll
0x00007ffe771f0000 - 0x00007ffe771fc000 	c:\Users\sande\.vscode\extensions\redhat.java-1.50.0-win32-x64\jre\21.0.9-win32-x86_64\bin\vcruntime140_1.dll
0x00007ffddeb90000 - 0x00007ffddec1d000 	c:\Users\sande\.vscode\extensions\redhat.java-1.50.0-win32-x64\jre\21.0.9-win32-x86_64\bin\msvcp140.dll
0x00007ffddbaa0000 - 0x00007ffddc840000 	c:\Users\sande\.vscode\extensions\redhat.java-1.50.0-win32-x64\jre\21.0.9-win32-x86_64\bin\server\jvm.dll
0x00007ffe90810000 - 0x00007ffe90884000 	C:\WINDOWS\System32\WS2_32.dll
0x00007ffe85500000 - 0x00007ffe85535000 	C:\WINDOWS\SYSTEM32\WINMM.dll
0x00007ffe8e690000 - 0x00007ffe8e6ee000 	C:\WINDOWS\SYSTEM32\POWRPROF.dll
0x00007ffe8e670000 - 0x00007ffe8e684000 	C:\WINDOWS\SYSTEM32\UMPDC.dll
0x00007ffe8d580000 - 0x00007ffe8d59b000 	C:\WINDOWS\SYSTEM32\kernel.appcore.dll
0x00007ffe74c50000 - 0x00007ffe74c5a000 	c:\Users\sande\.vscode\extensions\redhat.java-1.50.0-win32-x64\jre\21.0.9-win32-x86_64\bin\jimage.dll
0x00007ffe818b0000 - 0x00007ffe81af2000 	C:\WINDOWS\SYSTEM32\DBGHELP.DLL
0x00007ffe91270000 - 0x00007ffe91347000 	C:\WINDOWS\System32\OLEAUT32.dll
0x00007ffe70d80000 - 0x00007ffe70dbc000 	C:\WINDOWS\SYSTEM32\dbgcore.DLL
0x00007ffe8e830000 - 0x00007ffe8e8d5000 	C:\WINDOWS\System32\bcryptPrimitives.dll
0x00007ffe6ec00000 - 0x00007ffe6ec0f000 	c:\Users\sande\.vscode\extensions\redhat.java-1.50.0-win32-x64\jre\21.0.9-win32-x86_64\bin\instrument.dll
0x00007ffe0eac0000 - 0x00007ffe0eae0000 	c:\Users\sande\.vscode\extensions\redhat.java-1.50.0-win32-x64\jre\21.0.9-win32-x86_64\bin\java.dll
0x00007ffe8c3b0000 - 0x00007ffe8cc0d000 	C:\WINDOWS\SYSTEM32\windows.storage.dll
0x00007ffe90570000 - 0x00007ffe90662000 	C:\WINDOWS\System32\SHCORE.dll
0x00007ffe8e750000 - 0x00007ffe8e779000 	C:\WINDOWS\SYSTEM32\profapi.dll
0x00007ffe0c390000 - 0x00007ffe0c3a8000 	c:\Users\sande\.vscode\extensions\redhat.java-1.50.0-win32-x64\jre\21.0.9-win32-x86_64\bin\zip.dll
0x00007ffe6e240000 - 0x00007ffe6e250000 	C:\Users\sande\.vscode\extensions\redhat.java-1.50.0-win32-x64\jre\21.0.9-win32-x86_64\bin\net.dll
0x00007ffe87690000 - 0x00007ffe877b8000 	C:\WINDOWS\SYSTEM32\WINHTTP.dll
0x00007ffe8daf0000 - 0x00007ffe8db5b000 	C:\WINDOWS\system32\mswsock.dll
0x00007ffe09400000 - 0x00007ffe09416000 	C:\Users\sande\.vscode\extensions\redhat.java-1.50.0-win32-x64\jre\21.0.9-win32-x86_64\bin\nio.dll
0x00007ffe6a5a0000 - 0x00007ffe6a5b0000 	c:\Users\sande\.vscode\extensions\redhat.java-1.50.0-win32-x64\jre\21.0.9-win32-x86_64\bin\verify.dll
0x00007ffdde930000 - 0x00007ffdde974000 	C:\Users\sande\AppData\Roaming\Code\User\globalStorage\redhat.java\1.50.0\config_win\org.eclipse.equinox.launcher\org.eclipse.equinox.launcher.win32.win32.x86_64_1.2.1400.v20250801-0854\eclipse_11916.dll
0x00007ffe91500000 - 0x00007ffe91697000 	C:\WINDOWS\System32\ole32.dll
0x00007ffe8ddc0000 - 0x00007ffe8dddb000 	C:\WINDOWS\SYSTEM32\CRYPTSP.dll
0x00007ffe8d4e0000 - 0x00007ffe8d51a000 	C:\WINDOWS\system32\rsaenh.dll
0x00007ffe8dba0000 - 0x00007ffe8dbcb000 	C:\WINDOWS\SYSTEM32\USERENV.dll
0x00007ffe8e720000 - 0x00007ffe8e74a000 	C:\WINDOWS\SYSTEM32\bcrypt.dll
0x00007ffe8ddb0000 - 0x00007ffe8ddbc000 	C:\WINDOWS\SYSTEM32\CRYPTBASE.dll
0x00007ffe8d0c0000 - 0x00007ffe8d0f4000 	C:\WINDOWS\SYSTEM32\IPHLPAPI.DLL
0x00007ffe904a0000 - 0x00007ffe904aa000 	C:\WINDOWS\System32\NSI.dll
0x00007ffdde9e0000 - 0x00007ffddea29000 	C:\Users\sande\AppData\Local\Temp\jna-109203553\jna18421870353091966792.dll
0x00007ffe914f0000 - 0x00007ffe914f8000 	C:\WINDOWS\System32\PSAPI.DLL
0x00007ffe87940000 - 0x00007ffe8795e000 	C:\WINDOWS\SYSTEM32\dhcpcsvc6.DLL
0x00007ffe87840000 - 0x00007ffe87863000 	C:\WINDOWS\SYSTEM32\dhcpcsvc.DLL
0x00007ffe69680000 - 0x00007ffe6968e000 	C:\Users\sande\.vscode\extensions\redhat.java-1.50.0-win32-x64\jre\21.0.9-win32-x86_64\bin\sunmscapi.dll
0x00007ffe8ebd0000 - 0x00007ffe8ed47000 	C:\WINDOWS\System32\CRYPT32.dll
0x00007ffe8dfd0000 - 0x00007ffe8e000000 	C:\WINDOWS\SYSTEM32\ncrypt.dll
0x00007ffe8df80000 - 0x00007ffe8dfbf000 	C:\WINDOWS\SYSTEM32\NTASN1.dll
0x00007ffe8d100000 - 0x00007ffe8d22c000 	C:\WINDOWS\SYSTEM32\DNSAPI.dll
0x00007ffe83070000 - 0x00007ffe8307b000 	C:\Windows\System32\rasadhlp.dll
0x00007ffe87e00000 - 0x00007ffe87e86000 	C:\WINDOWS\System32\fwpuclnt.dll
0x00007ffe671b0000 - 0x00007ffe671b9000 	C:\Users\sande\.vscode\extensions\redhat.java-1.50.0-win32-x64\jre\21.0.9-win32-x86_64\bin\extnet.dll

JVMTI agents:
c:\Users\sande\.vscode\extensions\redhat.java-1.50.0-win32-x64\lombok\lombok-1.18.39-4050.jar path:c:\Users\sande\.vscode\extensions\redhat.java-1.50.0-win32-x64\jre\21.0.9-win32-x86_64\bin\instrument.dll, loaded, initialized, instrumentlib options:none

dbghelp: loaded successfully - version: 4.0.5 - missing functions: none
symbol engine: initialized successfully - sym options: 0x614 - pdb path: .;c:\Users\sande\.vscode\extensions\redhat.java-1.50.0-win32-x64\jre\21.0.9-win32-x86_64\bin;C:\WINDOWS\SYSTEM32;C:\WINDOWS\WinSxS\amd64_microsoft.windows.common-controls_6595b64144ccf1df_6.0.26100.7019_none_3e06ffa0e335b8a8;C:\Program Files (x86)\360\Total Security\safemon;c:\Users\sande\.vscode\extensions\redhat.java-1.50.0-win32-x64\jre\21.0.9-win32-x86_64\bin\server;C:\Users\sande\AppData\Roaming\Code\User\globalStorage\redhat.java\1.50.0\config_win\org.eclipse.equinox.launcher\org.eclipse.equinox.launcher.win32.win32.x86_64_1.2.1400.v20250801-0854;C:\Users\sande\AppData\Local\Temp\jna-109203553

VM Arguments:
jvm_args: --add-modules=ALL-SYSTEM --add-opens=java.base/java.util=ALL-UNNAMED --add-opens=java.base/java.lang=ALL-UNNAMED --add-opens=java.base/sun.nio.fs=ALL-UNNAMED -Declipse.application=org.eclipse.jdt.ls.core.id1 -Dosgi.bundles.defaultStartLevel=4 -Declipse.product=org.eclipse.jdt.ls.core.product -Djava.import.generatesMetadataFilesAtProjectRoot=false -DDetectVMInstallationsJob.disabled=true -Dfile.encoding=utf8 -XX:+UseParallelGC -XX:GCTimeRatio=4 -XX:AdaptiveSizePolicyWeight=90 -Dsun.zip.disableMemoryMapping=true -Xmx2G -Xms100m -Xlog:disable -javaagent:c:\Users\sande\.vscode\extensions\redhat.java-1.50.0-win32-x64\lombok\lombok-1.18.39-4050.jar -XX:+HeapDumpOnOutOfMemoryError -XX:HeapDumpPath=c:\Users\sande\AppData\Roaming\Code\User\workspaceStorage\42c70b5ba57fbfa718ea32a4b4e4b030\redhat.java -Daether.dependencyCollector.impl=bf 
java_command: c:\Users\sande\.vscode\extensions\redhat.java-1.50.0-win32-x64\server\plugins\org.eclipse.equinox.launcher_1.7.100.v20251111-0406.jar -configuration c:\Users\sande\AppData\Roaming\Code\User\globalStorage\redhat.java\1.50.0\config_win -data c:\Users\sande\AppData\Roaming\Code\User\workspaceStorage\42c70b5ba57fbfa718ea32a4b4e4b030\redhat.java\jdt_ws --pipe=\\.\pipe\lsp-b184f9d121eca7d5bac123084f90c72e-sock
java_class_path (initial): c:\Users\sande\.vscode\extensions\redhat.java-1.50.0-win32-x64\server\plugins\org.eclipse.equinox.launcher_1.7.100.v20251111-0406.jar
Launcher Type: SUN_STANDARD

[Global flags]
    uintx AdaptiveSizePolicyWeight                 = 90                                        {product} {command line}
     intx CICompilerCount                          = 4                                         {product} {ergonomic}
    uintx GCTimeRatio                              = 4                                         {product} {command line}
     bool HeapDumpOnOutOfMemoryError               = true                                   {manageable} {command line}
    ccstr HeapDumpPath                             = c:\Users\sande\AppData\Roaming\Code\User\workspaceStorage\42c70b5ba57fbfa718ea32a4b4e4b030\redhat.java         {manageable} {command line}
   size_t InitialHeapSize                          = 104857600                                 {product} {command line}
   size_t MaxHeapSize                              = 2147483648                                {product} {command line}
   size_t MaxNewSize                               = 715653120                                 {product} {ergonomic}
   size_t MinHeapDeltaBytes                        = 524288                                    {product} {ergonomic}
   size_t MinHeapSize                              = 104857600                                 {product} {command line}
   size_t NewSize                                  = 34603008                                  {product} {ergonomic}
    uintx NonNMethodCodeHeapSize                   = 5839372                                {pd product} {ergonomic}
    uintx NonProfiledCodeHeapSize                  = 122909434                              {pd product} {ergonomic}
   size_t OldSize                                  = 70254592                                  {product} {ergonomic}
    uintx ProfiledCodeHeapSize                     = 122909434                              {pd product} {ergonomic}
    uintx ReservedCodeCacheSize                    = 251658240                              {pd product} {ergonomic}
     bool SegmentedCodeCache                       = true                                      {product} {ergonomic}
   size_t SoftMaxHeapSize                          = 2147483648                             {manageable} {ergonomic}
     bool UseCompressedOops                        = true                           {product lp64_product} {ergonomic}
     bool UseLargePagesIndividualAllocation        = false                                  {pd product} {ergonomic}
     bool UseParallelGC                            = true                                      {product} {command line}

Logging:
Log output configuration:
 #0: stdout all=off uptime,level,tags foldmultilines=false
 #1: stderr all=off uptime,level,tags foldmultilines=false

Release file:
JAVA_VERSION="21.0.9" 
MODULES="java.base java.compiler java.datatransfer java.xml java.prefs java.desktop java.instrument java.logging java.management java.security.sasl java.naming java.rmi java.management.rmi java.net.http java.scripting java.security.jgss java.transaction.xa java.sql java.sql.rowset java.xml.crypto java.se java.smartcardio jdk.accessibility jdk.internal.jvmstat jdk.attach jdk.charsets jdk.internal.opt jdk.zipfs jdk.compiler jdk.crypto.ec jdk.crypto.cryptoki jdk.crypto.mscapi jdk.dynalink jdk.internal.ed jdk.editpad jdk.hotspot.agent jdk.httpserver jdk.internal.le jdk.internal.vm.ci jdk.internal.vm.compiler jdk.internal.vm.compiler.management jdk.jartool jdk.javadoc jdk.jcmd jdk.management jdk.management.agent jdk.jconsole jdk.jdeps jdk.jdwp.agent jdk.jdi jdk.jfr jdk.jshell jdk.jsobject jdk.jstatd jdk.localedata jdk.management.jfr jdk.naming.dns jdk.naming.rmi jdk.net jdk.nio.mapmode jdk.random jdk.sctp jdk.security.auth jdk.security.jgss jdk.unsupported jdk.unsupported.desktop jdk.xml.dom" 

Environment Variables:
PATH=C:\Users\sande\miniconda3\condabin;C:\Program Files\Common Files\Oracle\Java\javapath;C:\Program Files (x86)\Common Files\Oracle\Java\java8path;C:\Program Files (x86)\Common Files\Oracle\Java\javapath;C:\xampp\php;C:\Program Files\Python310\Scripts;C:\Program Files\Python310;C:\WINDOWS;C:\WINDOWS\System32\Wbem;C:\WINDOWS\System32\WindowsPowerShell\v1.0\;C:\WINDOWS\System32\OpenSSH\;C:\MinGW\bin;C:\Program Files\MongoDB\Server\7.0\bin;C:\Program Files\MongoDB\mongosh-2.2.11-win32-x64\bin;C:\Users\sande\miniconda3;C:\Users\sande\miniconda3\Scripts;C:\Users\sande\miniconda3\Library\bin;C:\Users\sande\AppData\Roaming\nvm;C:\Program Files\nodejs;C:\Program Files\nodejs\;C:\Program Files\Python310\site-packages;C:\Users\sande\sdk\go1.23.4;C:\Users\sande\sdk\go1.23.4\bin;C:\Users\sande\go\bin;C:\Program Files\Git\cmd;C:\Program Files\MySQL\MySQL Server 8.0\bin;C:\Program Files\Java\jdk-24\bin;C:\Windows\System32;C:\WINDOWS\system32;C:\Program Files\platform-tools-latest-windows\platform-tools;C:\Program Files\WireGuard\;C:\Users\sande\AppData\Local\Microsoft\WindowsApps;C:\Users\sande\AppData\Local\Programs\Microsoft VS Code\bin;C:\Users\sande\AppData\Local\GitHubDesktop\bin;C:\Users\sande\AppData\Roaming\nvm;C:\Program Files\nodejs;C:\Users\sande\AppData\Roaming\npm;C:\Program Files\JetBrains\GoLand 2024.3\bin;;
USERNAME=sande
OS=Windows_NT
PROCESSOR_IDENTIFIER=AMD64 Family 25 Model 80 Stepping 0, AuthenticAMD
TMP=C:\Users\sande\AppData\Local\Temp
TEMP=C:\Users\sande\AppData\Local\Temp




Periodic native trim disabled

---------------  S Y S T E M  ---------------

OS:
 Windows 11 , 64 bit Build 26100 (10.0.26100.7019)
OS uptime: 5 days 1:57 hours
Hyper-V role detected

CPU: total 12 (initial active 12) (12 cores per cpu, 2 threads per core) family 25 model 80 stepping 0 microcode 0xa50000d, cx8, cmov, fxsr, ht, mmx, 3dnowpref, sse, sse2, sse3, ssse3, sse4a, sse4.1, sse4.2, popcnt, lzcnt, tsc, tscinvbit, avx, avx2, aes, erms, clmul, bmi1, bmi2, adx, sha, fma, vzeroupper, clflush, clflushopt, hv, rdtscp, rdpid, fsrm, f16c, cet_ss
Processor Information for the first 12 processors :
  Max Mhz: 3301, Current Mhz: 2011, Mhz Limit: 3301

Memory: 4k page, system-wide physical 7519M (623M free)
TotalPageFile size 17893M (AvailPageFile size 164M)
current process WorkingSet (physical memory assigned to process): 15M, peak: 1672M
current process commit charge ("private bytes"): 1397M, peak: 1773M

vm_info: OpenJDK 64-Bit Server VM (21.0.9+10-LTS) for windows-amd64 JRE (21.0.9+10-LTS), built on 2025-10-21T00:00:00Z by "admin" with unknown MS VC++:1942

END.
